bundle : C:/Ruby33-x64/lib/ruby/3.3.0/fiddle/import.rb:2: warning: fiddle was loaded from the standa
rd library, but will no longer be part of the default gems starting from Ruby 3.5.0.
At line:1 char:1
+ bundle exec rails test 2>&1 > test_output.txt; Get-Content test_outpu ...
+ ~~~~~~~~~~~~~~~~~~~~~~~~~~~~~~~~~~~~~~~~~~~~~
    + CategoryInfo          : NotSpecified: (C:/Ruby33-x64/l...rom Ruby 3.5.0.:String) [], RemoteEx 
   ception
    + FullyQualifiedErrorId : NativeCommandError
 
You can add fiddle to your Gemfile or gemspec to silence this warning.
DEPRECATION WARNING: Defining enums with keyword arguments is deprecated and will be removed
in Rails 8.0. Positional arguments should be used instead:

enum :action, {:viewed_book=>"viewed_book", :added_to_cart=>"added_to_cart", :removed_from_cart=>"re
moved_from_cart", :searched=>"searched", :created_order=>"created_order", :commented=>"commented", :
chatted=>"chatted"}
 (called from <class:ActivityLog> at C:/Ruby/bookstore/app/models/activity_log.rb:5)
DEPRECATION WARNING: Defining enums with keyword arguments is deprecated and will be removed
in Rails 8.0. Positional arguments should be used instead:

enum :sentiment, {:positive=>"positive", :negative=>"negative", :neutral=>"neutral"}
 (called from <class:Comment> at C:/Ruby/bookstore/app/models/comment.rb:7)
Run options: --seed 63460

# Running:

............

Finished in 2.183572s, 5.4956 runs/s, 5.4956 assertions/s.
12 runs, 12 assertions, 0 failures, 0 errors, 0 skips
